g++ *.cpp -o server -I.
Makefile:4: recipe for target 'linux' failed
